[www.aerospacemanufacturinganddesign.com/index.html]
[backblue.gif]
[fade.gif]
[index.html]
[connect.facebook.net/en_US/fbevents.js]
[giecdn.blob.core.windows.net/fileuploads/image/logos/favicons/amd.png]
[www.aerospacemanufacturinganddesign.com/content/cssb425.css]
[www.aerospacemanufacturinganddesign.com/Content/amd.css]
[isirc.gie.net/Content/iSirc.Forms.Client.css]
[www.aerospacemanufacturinganddesign.com/bundles/jquery78f4]
[www.aerospacemanufacturinganddesign.com/bundles/bootstrap3649]
[www.aerospacemanufacturinganddesign.com/bundles/modernizr0cf5]
[isirc.gie.net/Scripts/iSirc.FormClient.js]
[cdnjs.cloudflare.com/ajax/libs/cookieconsent2/3.0.3/cookieconsent.min.css]
[cdnjs.cloudflare.com/ajax/libs/cookieconsent2/3.0.3/cookieconsent.min.js]
[use.typekit.net/cvx7szz.js]
[giecdn.blob.core.windows.net/fileuploads/image/logos/site-logos/amd.png]
[giecdn.azureedge.net/storage/fileuploads/publications/20/issues/104147/1022cover3c9c.jpg]
[www.aerospacemanufacturinganddesign.com/magazine/index.html]
[www.aerospacemanufacturinganddesign.com/subscribe/index.html]
[www.aerospacemanufacturinganddesign.com/contact/indexe9e4.html]
[www.aerospacemanufacturinganddesign.com/contact/index5e7a.html]
[www.aerospacemanufacturinganddesign.com/news/index.html]
[www.aerospacemanufacturinganddesign.com/news/category/people-facilities/index.html]
[www.aerospacemanufacturinganddesign.com/news/category/motion-design-automation/index.html]
[www.aerospacemanufacturinganddesign.com/news/category/industry-regulations/index.html]
[www.aerospacemanufacturinganddesign.com/news/category/jet-turbine-engines/index.html]
[www.aerospacemanufacturinganddesign.com/news/category/machining-metal-cutting/index.html]
[www.aerospacemanufacturinganddesign.com/news/category/military-aviation-uav-uas/index.html]
[www.aerospacemanufacturinganddesign.com/products/index.html]
[www.aerospacemanufacturinganddesign.com/products/category/3d-additive-alternative/index.html]
[www.aerospacemanufacturinganddesign.com/products/category/adhesives-sealants/index.html]
[www.aerospacemanufacturinganddesign.com/products/category/barfeeders/index.html]
[www.aerospacemanufacturinganddesign.com/products/category/assembly/index.html]
[www.aerospacemanufacturinganddesign.com/products/category/automation/index.html]
[www.aerospacemanufacturinganddesign.com/products/category/cloud-apps-iot/index.html]
[www.aerospacemanufacturinganddesign.com/products/category/coolants-fluids/index.html]
[www.aerospacemanufacturinganddesign.com/products/category/design-components/index.html]
[www.aerospacemanufacturinganddesign.com/products/category/education-training/index.html]
[www.aerospacemanufacturinganddesign.com/products/category/electrical-electronic/index.html]
[www.aerospacemanufacturinganddesign.com/products/category/fluid-power/index.html]
[www.aerospacemanufacturinganddesign.com/products/category/grinding-abrasives/index.html]
[www.aerospacemanufacturinganddesign.com/products/category/jet-turbine-engines/index.html]
[www.aerospacemanufacturinganddesign.com/products/category/laser-waterjet-alternative/index.html]
[www.aerospacemanufacturinganddesign.com/products/category/machining-centers/index.html]
[www.aerospacemanufacturinganddesign.com/products/category/material-handling/index.html]
[www.aerospacemanufacturinganddesign.com/products/category/materials/index.html]
[www.aerospacemanufacturinganddesign.com/products/category/motion-control/index.html]
[www.aerospacemanufacturinganddesign.com/products/category/motors-drive/index.html]
[www.aerospacemanufacturinganddesign.com/products/category/mro/index.html]
[www.aerospacemanufacturinganddesign.com/products/category/quality-metrology/index.html]
[www.aerospacemanufacturinganddesign.com/products/category/surface-finish/index.html]
[www.aerospacemanufacturinganddesign.com/products/category/software/index.html]
[www.aerospacemanufacturinganddesign.com/products/category/toolholding-workholding/index.html]
[www.aerospacemanufacturinganddesign.com/products/category/tooling-cutting/index.html]
[www.aerospacemanufacturinganddesign.com/products/category/turning-milling/index.html]
[www.aerospacemanufacturinganddesign.com/products/category/welding/index.html]
[www.aerospacemanufacturinganddesign.com/keyword/5questions/index.html]
[www.aerospacemanufacturinganddesign.com/keyword/corporate-spotlight/index.html]
[www.aerospacemanufacturinganddesign.com/keyword/facesmfg/index.html]
[www.aerospacemanufacturinganddesign.com/keyword/imts-guides/index.html]
[www.aerospacemanufacturinganddesign.com/form/namethatplane/index.html]
[www.aerospacemanufacturinganddesign.com/keyword/online-exclusive/index.html]
[www.aerospacemanufacturinganddesign.com/keyword/tech-tips/index.html]
[www.aerospacemanufacturinganddesign.com/videos/category/3-questions/index.html]
[www.aerospacemanufacturinganddesign.com/videos/category/webinars/index.html]
[www.aerospacemanufacturinganddesign.com/videos/category/imts-booth-tour-showcase/index.html]
[www.aerospacemanufacturinganddesign.com/keyword/women-to-watch/index.html]
[www.aerospacemanufacturinganddesign.com/videos/category/imts-conferences/index.html]
[www.aerospacemanufacturinganddesign.com/videos/category/product-videos/index.html]
[www.aerospacemanufacturinganddesign.com/webinars/index.html]
[www.aerospacemanufacturinganddesign.com/videos/category/imts-video-product-showcase/index.html]
[www.aerospacemanufacturinganddesign.com/videos/index.html]
[www.aerospacemanufacturinganddesign.com/page/about-us/index.html]
[www.aerospacemanufacturinganddesign.com/page/staff/index.html]
[www.aerospacemanufacturinganddesign.com/page/submission-guidelines/index.html]
[www.aerospacemanufacturinganddesign.com/subscribe/index23e3.html]
[www.aerospacemanufacturinganddesign.com/events/index.html]
[www.aerospacemanufacturinganddesign.com/article/boeing-selects-honeywelld-apu-for-b-52/index.html]
[giecdn.azureedge.net/storage/fileuploads/image/2022/10/26/aerobt-36-150apu-szd13fe.jpg]
[giecdn.azureedge.net/storage/fileuploads/image/2022/10/19/4scanningdifferentangles13fe.jpg]
[www.aerospacemanufacturinganddesign.com/product/exact-metrology-gom-scancobot-cobot-collaborative-robots-automated-inspection/index.html]
[giecdn.azureedge.net/storage/fileuploads/image/2022/10/24/artemisiiicrewmoduleatocnasa21722-szd13fe.jpg]
[www.aerospacemanufacturinganddesign.com/article/nasa-orders-three-more-orion-spacecraft-from-lockheed-martin/index.html]
[giecdn.azureedge.net/storage/fileuploads/image/2022/10/19/weatherradarsystem13fe.jpg]
[www.aerospacemanufacturinganddesign.com/product/ontic-honeywell-rdr4ab-weather-radar-systems/index.html]
[www.aerospacemanufacturinganddesign.com/article/amazon-air-adds-10airbus-a330-300p2f-converted-freighters/index.html]
[www.aerospacemanufacturinganddesign.com/product/norton-saint-gobain-cutting-grinding-wheels-aluminum/index.html]
[www.aerospacemanufacturinganddesign.com/article/phase-four-unveils-iodine-propellant-engine/index.html]
[www.aerospacemanufacturinganddesign.com/article/manufacturing-mitsui-seiki-heidenhain-digital-hybrid-additive-5-axis/index.html]
[www.aerospacemanufacturinganddesign.com/article/greensboro-college-launches-workforce-initiative/index.html]
[www.aerospacemanufacturinganddesign.com/article/siemens-digital-industries-polarion-portfolio-development/index.html]
[www.aerospacemanufacturinganddesign.com/article/ge-ct7-engines-selected-poland-leonardo-aw149-fleet/index.html]
[www.aerospacemanufacturinganddesign.com/product/triplett-epc600-environmental-particle-counter/index.html]
[www.aerospacemanufacturinganddesign.com/product/kwik-mark-industrial-dot-peen-markers/index.html]
[www.aerospacemanufacturinganddesign.com/article/honeywell-business-aviation-outlook-shows-strong-growth/index.html]
[www.aerospacemanufacturinganddesign.com/article/year-end-offer-earn-free-tools-favorite-school/index.html]
[www.aerospacemanufacturinganddesign.com/product/wiser-systems-atlas-uwb-mesh-location-tracking-system/index.html]
[www.aerospacemanufacturinganddesign.com/article/toray-invests-decatur-alabama-carbon-fiber-plant/index.html]
[www.aerospacemanufacturinganddesign.com/product/conceptual-innovations-caster-concepts-halodrive/index.html]
[www.aerospacemanufacturinganddesign.com/article/embraer-delivers-1700-e-jet/index.html]
[www.aerospacemanufacturinganddesign.com/product/mapal-face-milling-cutters-optimum-surface-finish-facemill-diamond-neomill/index.html]
[giecdn.azureedge.net/storage/fileuploads/image/2022/10/18/wheels-thin-alu-0213fe.jpg]
[giecdn.azureedge.net/storage/fileuploads/image/2022/10/14/epc600513fe.jpg]
[giecdn.azureedge.net/storage/fileuploads/image/2022/10/14/km-64frontprofile7-10-17113fe.jpg]
[giecdn.azureedge.net/storage/fileuploads/image/2022/10/11/digitaltransformationwithdotssm13fe.jpg]
[giecdn.azureedge.net/storage/fileuploads/image/2022/10/07/halodrive-410813fe.png]
[giecdn.azureedge.net/storage/fileuploads/image/2022/10/06/2022-10-06aluminiumfraesen113fe.jpg]
[www.aerospacemanufacturinganddesign.com/article/developing-a-domestic-rare-earth-supply-chain/index.html]
[www.aerospacemanufacturinganddesign.com/article/nanosatellite-microsatellite-market-worth-67-billion-by-2027/index.html]
[www.aerospacemanufacturinganddesign.com/article/whats-new-in-machining-titanium/index.html]
[www.aerospacemanufacturinganddesign.com/article/a-shift-in-strategy/index.html]
[giecdn.azureedge.net/storage/fileuploads/image/2022/10/25/okumaroicalculator13fe.jpg]
[www.aerospacemanufacturinganddesign.com/video/okuma-roi-calculator-wade-anderson-machine-tool-purchase/index.html]
[giecdn.azureedge.net/storage/fileuploads/image/2022/10/20/102022aboulafiawebinar948x533newsitemnodate13fe.jpg]
[www.aerospacemanufacturinganddesign.com/video/richard-aboulafia-current-aerospace-market-outlook/index.html]
[giecdn.azureedge.net/storage/fileuploads/image/2022/10/11/cost-effective-pellet-extrusion-3d-printing_013fe.jpg]
[www.aerospacemanufacturinganddesign.com/video/cost-effective-pellet-extrusion-3d-printing-large-fixtures-tooling/index.html]
[www.aerospacemanufacturinganddesign.com/video/medworld-advisors-medtech-mergers-acquisitions/index.html]
[giecdn.azureedge.net/storage/fileuploads/image/2022/10/06/100622medworldadvisorswebinar948x533nodate13fe.jpg]
[giecdn.azureedge.net/storage/fileuploads/image/2022/09/29/9-28-22-mfg-applying-product-performance-monitoring-webopt_013fe.jpg]
[www.aerospacemanufacturinganddesign.com/video/siemens-applying-product-performance-monitoring/index.html]
[giecdn.azureedge.net/storage/fileuploads/image/2022/09/22/beckwood13fe.jpg]
[www.aerospacemanufacturinganddesign.com/video/beckwood-170-ton-compression-molding-press-helicopter-blades/index.html]
[www.aerospacemanufacturinganddesign.com/index.html]
[connect.facebook.net/en_US/fbevents.js]
[www.aerospacemanufacturinganddesign.com/content/cssb425.css]
[www.aerospacemanufacturinganddesign.com/Content/amd.css]
[isirc.gie.net/Content/iSirc.Forms.Client.css]
[isirc.gie.net/Scripts/iSirc.FormClient.js]
[cdnjs.cloudflare.com/ajax/libs/cookieconsent2/3.0.3/cookieconsent.min.css]
[www.aerospacemanufacturinganddesign.com/subscribe/index.html]
[www.aerospacemanufacturinganddesign.com/magazine/index.html]
[www.aerospacemanufacturinganddesign.com/contact/indexe9e4.html]
[www.aerospacemanufacturinganddesign.com/contact/index5e7a.html]
[www.aerospacemanufacturinganddesign.com/news/index.html]
[www.aerospacemanufacturinganddesign.com/news/category/people-facilities/index.html]
[www.aerospacemanufacturinganddesign.com/news/category/motion-design-automation/index.html]
[www.aerospacemanufacturinganddesign.com/news/category/education-training/index.html]
[www.aerospacemanufacturinganddesign.com/news/category/jet-turbine-engines/index.html]
[www.aerospacemanufacturinganddesign.com/news/category/industry-regulations/index.html]
[www.aerospacemanufacturinganddesign.com/news/category/machining-metal-cutting/index.html]
[www.aerospacemanufacturinganddesign.com/news/category/military-aviation-uav-uas/index.html]
[www.aerospacemanufacturinganddesign.com/news/category/mro/index.html]
[www.aerospacemanufacturinganddesign.com/products/index.html]
[www.aerospacemanufacturinganddesign.com/products/category/3d-additive-alternative/index.html]
[www.aerospacemanufacturinganddesign.com/products/category/adhesives-sealants/index.html]
[www.aerospacemanufacturinganddesign.com/products/category/assembly/index.html]
[www.aerospacemanufacturinganddesign.com/products/category/automation/index.html]
[www.aerospacemanufacturinganddesign.com/products/category/barfeeders/index.html]
[www.aerospacemanufacturinganddesign.com/products/category/cloud-apps-iot/index.html]
[www.aerospacemanufacturinganddesign.com/products/category/coolants-fluids/index.html]
